truncate table deactivated_favorite_comments restart identity;
TRUNCATE TABLE
truncate table deactivated_favorite_posts restart identity;
TRUNCATE TABLE
truncate table deactivated_searches restart identity;
TRUNCATE TABLE
truncate table favorite_comments restart identity;
TRUNCATE TABLE
truncate table favorite_posts restart identity;
TRUNCATE TABLE
truncate table searches restart identity;
TRUNCATE TABLE
truncate table users restart identity cascade;
TRUNCATE TABLE
truncate table deactivated_users restart identity cascade;
TRUNCATE TABLE
-- insert dummy users
insert into users
    (display_name, creation_date, email, "password", deactivation_date)
values
    ('Bego├▒a', now()::timestamp(0), 'begona@test.local', '123', null),
    ('Tobias', now()::timestamp(0), 'tobias@test.local', '123', null),
    ('Tomas', now()::timestamp(0), 'tomas@test.local', '123', null);
INSERT 0 3
-- add_to_search_history
select * from searches where user_id = 2;
 id | user_id | search_text 
----+---------+-------------
(0 rows)

select add_to_search_history(2, 'asp.net mvc');
 add_to_search_history 
-----------------------
 
(1 row)

select * from searches where user_id = 2;
 id | user_id | search_text 
----+---------+-------------
  1 |       2 | asp.net mvc
(1 row)

-- filter_by_words
select * from searches where user_id = 1;
 id | user_id | search_text 
----+---------+-------------
(0 rows)

select title from filter_by_words(1, 'testing unit', array['.net', '.htaccess', 'ajax', 'javascript', 'c#', 'sql']::text[]) limit 20;
                             title                             
---------------------------------------------------------------
 .NET Unit Testing packages?
 NUnit vs Visual Studio 2008's Test Projects for Unit Testing?
 How do you unit test private methods?
(3 rows)

select * from searches where user_id = 1;
 id | user_id | search_text  
----+---------+--------------
  2 |       1 | testing unit
(1 row)

-- filter_by_tags
select title from filter_by_tags(array['.net', '.htaccess', 'ajax', 'javascript', 'c#', 'sql']::text[]) limit 20;
                                                     title                                                      
----------------------------------------------------------------------------------------------------------------
 .NET Testing Framework Advice
 .NET Unit Testing packages?
 Why can't I have abstract static methods in C#?
 Regular expression for parsing links from a webpage?
 Anyone know a good workaround for the lack of an enum generic constraint?
 Hidden Features of C#?
 Is accessing a variable in C# an atomic operation?
 .Net Parse versus Convert
 List<BusinessObject> or BusinessObjectCollection?
 What's the false operator in C# good for?
 On a two-column page, how can I grow the left div to the same height of the right div using CSS or Javascript?
 Virtual functions in constructors, why do languages differ?
 Difference between INNER and OUTER joins
 How should I cast in VB.NET?
 Why doesn't C# support implied generic types on class constructors?
 Hidden Features of ASP.NET
 Should I always use the AndAlso and OrElse operators?
 How can I prevent SQL-injection in PHP?
 Hidden Features of JavaScript?
 Are there legitimate uses for JavaScript's "with" statement?
(20 rows)

-- favorite_comment
select * from favorite_comments where user_id = 2 and comment_id = 31044642;
 user_id | comment_id | note 
---------+------------+------
(0 rows)

select favorite_comment(2, 31044642, 'Ineteresting revelation!');
 favorite_comment 
------------------
 
(1 row)

select * from favorite_comments where user_id = 2 and comment_id = 31044642;
 user_id | comment_id |           note           
---------+------------+--------------------------
       2 |   31044642 | Ineteresting revelation!
(1 row)

-- favorite_post
select * from favorite_posts where user_id = 2 and post_id = 231855;
 user_id | post_id | note 
---------+---------+------
(0 rows)

select favorite_post(2, 231855, 'This is the post with the highest score.');
 favorite_post 
---------------
 
(1 row)

select * from favorite_posts where user_id = 2 and post_id = 231855;
 user_id | post_id |                   note                   
---------+---------+------------------------------------------
       2 |  231855 | This is the post with the highest score.
(1 row)

-- register_user
select * from get_user_by_email('sophie@test.local');
 id | display_name | creation_date | email | password | deactivation_date 
----+--------------+---------------+-------+----------+-------------------
(0 rows)

select register_user('Sophie', 'sophie@test.local', '123');
 register_user 
---------------
 
(1 row)

select * from get_user_by_email('sophie@test.local');
 id | display_name |    creation_date    |       email       | password | deactivation_date 
----+--------------+---------------------+-------------------+----------+-------------------
  4 | Sophie       | 2018-10-02 14:55:45 | sophie@test.local | 123      | 
(1 row)

-- get_user_by_email
select * from get_user_by_email('tomas@test.local');
 id | display_name |    creation_date    |      email       | password | deactivation_date 
----+--------------+---------------------+------------------+----------+-------------------
  3 | Tomas        | 2018-10-02 14:55:45 | tomas@test.local | 123      | 
(1 row)

-- deactivate_user
select * from users where id = 2;
 id | display_name |    creation_date    |       email       | password | deactivation_date 
----+--------------+---------------------+-------------------+----------+-------------------
  2 | Tobias       | 2018-10-02 14:55:45 | tobias@test.local | 123      | 
(1 row)

select * from searches where user_id = 2;
 id | user_id | search_text 
----+---------+-------------
  1 |       2 | asp.net mvc
(1 row)

select * from favorite_comments where user_id = 2;
 user_id | comment_id |           note           
---------+------------+--------------------------
       2 |   31044642 | Ineteresting revelation!
(1 row)

select * from favorite_posts where user_id = 2;
 user_id | post_id |                   note                   
---------+---------+------------------------------------------
       2 |  231855 | This is the post with the highest score.
(1 row)

select deactivate_user(2);
 deactivate_user 
-----------------
 
(1 row)

select * from deactivated_users where id = 2;
 id | display_name |    creation_date    |       email       | password |  deactivation_date  
----+--------------+---------------------+-------------------+----------+---------------------
  2 | Tobias       | 2018-10-02 14:55:45 | tobias@test.local | 123      | 2018-10-02 14:55:45
(1 row)

select * from deactivated_searches where user_id = 2;
 id | user_id | search_text 
----+---------+-------------
  1 |       2 | asp.net mvc
(1 row)

select * from deactivated_favorite_comments where user_id = 2;
 user_id | comment_id |           note           
---------+------------+--------------------------
       2 |   31044642 | Ineteresting revelation!
(1 row)

select * from deactivated_favorite_posts where user_id = 2;
 user_id | post_id |                   note                   
---------+---------+------------------------------------------
       2 |  231855 | This is the post with the highest score.
(1 row)

-- reactivate_user
select * from deactivated_users where id = 2;
 id | display_name |    creation_date    |       email       | password |  deactivation_date  
----+--------------+---------------------+-------------------+----------+---------------------
  2 | Tobias       | 2018-10-02 14:55:45 | tobias@test.local | 123      | 2018-10-02 14:55:45
(1 row)

select * from deactivated_searches where user_id = 2;
 id | user_id | search_text 
----+---------+-------------
  1 |       2 | asp.net mvc
(1 row)

select * from deactivated_favorite_comments where user_id = 2;
 user_id | comment_id |           note           
---------+------------+--------------------------
       2 |   31044642 | Ineteresting revelation!
(1 row)

select * from deactivated_favorite_posts where user_id = 2;
 user_id | post_id |                   note                   
---------+---------+------------------------------------------
       2 |  231855 | This is the post with the highest score.
(1 row)

select reactivate_user(2);
 reactivate_user 
-----------------
 
(1 row)

select * from users where id = 2;
 id | display_name |    creation_date    |       email       | password | deactivation_date 
----+--------------+---------------------+-------------------+----------+-------------------
  2 | Tobias       | 2018-10-02 14:55:45 | tobias@test.local | 123      | 
(1 row)

select * from searches where user_id = 2;
 id | user_id | search_text 
----+---------+-------------
  1 |       2 | asp.net mvc
(1 row)

select * from favorite_comments where user_id = 2;
 user_id | comment_id |           note           
---------+------------+--------------------------
       2 |   31044642 | Ineteresting revelation!
(1 row)

select * from favorite_posts where user_id = 2;
 user_id | post_id |                   note                   
---------+---------+------------------------------------------
       2 |  231855 | This is the post with the highest score.
(1 row)

-- delete_users
select deactivate_user(3);
 deactivate_user 
-----------------
 
(1 row)

update deactivated_users 
set deactivation_date = '2018-09-02 09:31:42'
where id = 3;
UPDATE 1
select delete_users();
 delete_users 
--------------
 
(1 row)

select * from deactivated_users where id = 3;
 id | display_name | creation_date | email | password | deactivation_date 
----+--------------+---------------+-------+----------+-------------------
(0 rows)

-- get_favorite_comments
select comment_id from get_favorite_comments(2);
 comment_id 
------------
   31044642
(1 row)

-- get_favorite_deactivated_comments
select deactivate_user(2);
 deactivate_user 
-----------------
 
(1 row)

select comment_id from get_favorite_deactivated_comments(2);
 comment_id 
------------
   31044642
(1 row)

select reactivate_user(2);
 reactivate_user 
-----------------
 
(1 row)

-- get_favorite_posts
select title from get_favorite_posts(2);
 title 
-------
 
(1 row)

-- get_favorite_deactivated_posts
select deactivate_user(2);
 deactivate_user 
-----------------
 
(1 row)

select title from get_favorite_deactivated_posts(2);
 title 
-------
 
(1 row)

select reactivate_user(2);
 reactivate_user 
-----------------
 
(1 row)

-- get_users_search_history
select * from get_users_search_history(1);
 id | user_id | search_text  
----+---------+--------------
  2 |       1 | testing unit
(1 row)

select * from get_users_search_history(2);
 id | user_id | search_text 
----+---------+-------------
  1 |       2 | asp.net mvc
(1 row)

-- get_posts_with_links
select title from get_posts_with_links(19);
                            title                             
--------------------------------------------------------------
 A little diversion into floating point (im)precision, part 1
 What's the shortest code to cause a stack overflow?
(2 rows)

